// Jest Snapshot v1, https://goo.gl/fbAQLP

exports[`test on App should render 1`] = `
<Fragment>
  <Padre />
</Fragment>
`;
